[backblue.gif]
[fade.gif]
[index.html]
[themevessel-item.s3-website-us-east-1.amazonaws.com/xero/assets/img/favicon.ico]
[themevessel-item.s3-website-us-east-1.amazonaws.com/xero/assets/img/logos/black-logo.png]
[themevessel-item.s3-website-us-east-1.amazonaws.com/xero/assets/img/banner-1.jpg]
[themevessel-item.s3-website-us-east-1.amazonaws.com/xero/assets/img/banner-2.jpg]
[themevessel-item.s3-website-us-east-1.amazonaws.com/xero/assets/img/banner-3.jpg]
[themevessel-item.s3-website-us-east-1.amazonaws.com/xero/assets/img/property-1.jpg]
[themevessel-item.s3-website-us-east-1.amazonaws.com/xero/assets/img/property-6.jpg]
[themevessel-item.s3-website-us-east-1.amazonaws.com/xero/assets/img/property-3.jpg]
[themevessel-item.s3-website-us-east-1.amazonaws.com/xero/assets/img/property-2.jpg]
[themevessel-item.s3-website-us-east-1.amazonaws.com/xero/assets/img/popular-places/popular-places.jpg]
[themevessel-item.s3-website-us-east-1.amazonaws.com/xero/assets/img/popular-places/popular-places-2.jpg]
[themevessel-item.s3-website-us-east-1.amazonaws.com/xero/assets/img/popular-places/popular-places-4.jpg]
[themevessel-item.s3-website-us-east-1.amazonaws.com/xero/assets/img/popular-places/popular-places-3.jpg]
[themevessel-item.s3-website-us-east-1.amazonaws.com/xero/assets/img/avatar/avatar-5.jpg]
[themevessel-item.s3-website-us-east-1.amazonaws.com/xero/assets/img/avatar/avatar-6.jpg]
[themevessel-item.s3-website-us-east-1.amazonaws.com/xero/assets/img/avatar/avatar-7.jpg]
[themevessel-item.s3-website-us-east-1.amazonaws.com/xero/assets/img/avatar/avatar-11.jpg]
[themevessel-item.s3-website-us-east-1.amazonaws.com/xero/assets/img/testimonial-property-2.jpg]
[themevessel-item.s3-website-us-east-1.amazonaws.com/xero/assets/img/avatar/avatar.jpg]
[themevessel-item.s3-website-us-east-1.amazonaws.com/xero/assets/img/avatar/avatar-2.jpg]
[themevessel-item.s3-website-us-east-1.amazonaws.com/xero/assets/img/avatar/avatar-3.jpg]
[themevessel-item.s3-website-us-east-1.amazonaws.com/xero/assets/img/blog/blog-6.jpg]
[themevessel-item.s3-website-us-east-1.amazonaws.com/xero/assets/img/blog/blog-5.jpg]
[themevessel-item.s3-website-us-east-1.amazonaws.com/xero/assets/img/logos/logo-white.png]
[themevessel-item.s3-website-us-east-1.amazonaws.com/xero/assets/img/sub-property/sub-property.jpg]
[themevessel-item.s3-website-us-east-1.amazonaws.com/xero/assets/img/sub-property/sub-property-2.jpg]
[themevessel-item.s3-website-us-east-1.amazonaws.com/xero/assets/img/sub-property/sub-property-3.jpg]
[themevessel-item.s3-website-us-east-1.amazonaws.com/xero/assets/img/logos/logo.png]
[themevessel-item.s3-website-us-east-1.amazonaws.com/xero/assets/js/jquery-2.2.0.min.js]
[themevessel-item.s3-website-us-east-1.amazonaws.com/xero/assets/js/popper.min.js]
[themevessel-item.s3-website-us-east-1.amazonaws.com/xero/assets/js/bootstrap.min.js]
[themevessel-item.s3-website-us-east-1.amazonaws.com/xero/assets/js/jquery.selectBox.js]
[themevessel-item.s3-website-us-east-1.amazonaws.com/xero/assets/js/rangeslider.js]
[themevessel-item.s3-website-us-east-1.amazonaws.com/xero/assets/js/jquery.magnific-popup.min.js]
[themevessel-item.s3-website-us-east-1.amazonaws.com/xero/assets/js/jquery.filterizr.js]
[themevessel-item.s3-website-us-east-1.amazonaws.com/xero/assets/js/wow.min.js]
[themevessel-item.s3-website-us-east-1.amazonaws.com/xero/assets/js/backstretch.js]
[themevessel-item.s3-website-us-east-1.amazonaws.com/xero/assets/js/jquery.countdown.js]
[themevessel-item.s3-website-us-east-1.amazonaws.com/xero/assets/js/jquery.scrollUp.js]
[themevessel-item.s3-website-us-east-1.amazonaws.com/xero/assets/js/particles.min.js]
[themevessel-item.s3-website-us-east-1.amazonaws.com/xero/assets/js/typed.min.js]
[themevessel-item.s3-website-us-east-1.amazonaws.com/xero/assets/js/dropzone.js]
[themevessel-item.s3-website-us-east-1.amazonaws.com/xero/assets/js/jquery.mb.YTPlayer.js]
[themevessel-item.s3-website-us-east-1.amazonaws.com/xero/assets/js/leaflet.js]
[themevessel-item.s3-website-us-east-1.amazonaws.com/xero/assets/js/leaflet-providers.js]
[themevessel-item.s3-website-us-east-1.amazonaws.com/xero/assets/js/leaflet.markercluster.js]
[themevessel-item.s3-website-us-east-1.amazonaws.com/xero/assets/js/slick.min.js]
[themevessel-item.s3-website-us-east-1.amazonaws.com/xero/assets/js/maps.js]
[themevessel-item.s3-website-us-east-1.amazonaws.com/xero/assets/js/jquery.mCustomScrollbar.concat.min.js]
[themevessel-item.s3-website-us-east-1.amazonaws.com/xero/assets/js/ie-emulation-modes-warning.js]
[themevessel-item.s3-website-us-east-1.amazonaws.com/xero/index.html]
[themevessel-item.s3-website-us-east-1.amazonaws.com/xero/assets/js/app.js]
[fonts.googleapis.com/css65e6.css]
[themevessel-item.s3-website-us-east-1.amazonaws.com/xero/assets/img/property-7.jpg]
[themevessel-item.s3-website-us-east-1.amazonaws.com/xero/assets/img/property-4.jpg]
[themevessel-item.s3-website-us-east-1.amazonaws.com/xero/assets/img/property-5.jpg]
[themevessel-item.s3-website-us-east-1.amazonaws.com/xero/assets/img/avatar/avatar-4.jpg]
[themevessel-item.s3-website-us-east-1.amazonaws.com/xero/assets/img/testimonial-property.jpg]
[themevessel-item.s3-website-us-east-1.amazonaws.com/xero/assets/img/blog/blog.jpg]
[themevessel-item.s3-website-us-east-1.amazonaws.com/xero/assets/img/blog/blog-2.jpg]
[themevessel-item.s3-website-us-east-1.amazonaws.com/xero/assets/img/blog/blog-3.jpg]
[themevessel-item.s3-website-us-east-1.amazonaws.com/xero/assets/img/brands/brand-1.png]
[themevessel-item.s3-website-us-east-1.amazonaws.com/xero/assets/img/brands/brand-2.png]
[themevessel-item.s3-website-us-east-1.amazonaws.com/xero/assets/img/brands/brand-3.png]
[themevessel-item.s3-website-us-east-1.amazonaws.com/xero/assets/img/brands/brand-4.png]
[themevessel-item.s3-website-us-east-1.amazonaws.com/xero/assets/img/brands/brand-5.png]
[themevessel-item.s3-website-us-east-1.amazonaws.com/xero/index-2.html]
[themevessel-item.s3-website-us-east-1.amazonaws.com/xero/assets/img/property-9.jpg]
[themevessel-item.s3-website-us-east-1.amazonaws.com/xero/assets/img/avatar/avatar-17.jpg]
[themevessel-item.s3-website-us-east-1.amazonaws.com/xero/assets/img/avatar/avatar-16.jpg]
[themevessel-item.s3-website-us-east-1.amazonaws.com/xero/index-3.html]
[themevessel-item.s3-website-us-east-1.amazonaws.com/xero/assets/img/property-8.jpg]
[themevessel-item.s3-website-us-east-1.amazonaws.com/xero/assets/img/bg-photo-1.jpg]
[themevessel-item.s3-website-us-east-1.amazonaws.com/xero/index-4.html]
[themevessel-item.s3-website-us-east-1.amazonaws.com/xero/assets/img/avatar/avatar-14.png]
[themevessel-item.s3-website-us-east-1.amazonaws.com/xero/assets/img/banner-4.jpg]
[themevessel-item.s3-website-us-east-1.amazonaws.com/xero/assets/img/recent-property.jpg]
[themevessel-item.s3-website-us-east-1.amazonaws.com/xero/assets/img/recent-property-2.jpg]
[themevessel-item.s3-website-us-east-1.amazonaws.com/xero/assets/img/recent-property-3.jpg]
[themevessel-item.s3-website-us-east-1.amazonaws.com/xero/assets/img/recent-property-4.jpg]
[themevessel-item.s3-website-us-east-1.amazonaws.com/xero/index-5.html]
[themevessel-item.s3-website-us-east-1.amazonaws.com/xero/index-6.html]
[themevessel-item.s3-website-us-east-1.amazonaws.com/xero/index-7.html]
[themevessel-item.s3-website-us-east-1.amazonaws.com/xero/index-8.html]
[themevessel-item.s3-website-us-east-1.amazonaws.com/xero/properties-list-rightside.html]
[themevessel-item.s3-website-us-east-1.amazonaws.com/xero/properties-list-leftside.html]
[themevessel-item.s3-website-us-east-1.amazonaws.com/xero/properties-list-fullwidth.html]
[themevessel-item.s3-website-us-east-1.amazonaws.com/xero/properties-grid-rightside.html]
[themevessel-item.s3-website-us-east-1.amazonaws.com/xero/properties-grid-leftside.html]
[themevessel-item.s3-website-us-east-1.amazonaws.com/xero/properties-grid-fullwidth.html]
[themevessel-item.s3-website-us-east-1.amazonaws.com/xero/properties-map-rightside-list.html]
[themevessel-item.s3-website-us-east-1.amazonaws.com/xero/properties-map-leftside-list.html]
[themevessel-item.s3-website-us-east-1.amazonaws.com/xero/properties-map-rightside-grid.html]
[themevessel-item.s3-website-us-east-1.amazonaws.com/xero/properties-map-leftside-grid.html]
[themevessel-item.s3-website-us-east-1.amazonaws.com/xero/properties-map-full.html]
[themevessel-item.s3-website-us-east-1.amazonaws.com/xero/assets/img/floor-plans.png]
[themevessel-item.s3-website-us-east-1.amazonaws.com/xero/assets/img/avatar/avatar-13.jpg]
[themevessel-item.s3-website-us-east-1.amazonaws.com/xero/properties-details.html]
[themevessel-item.s3-website-us-east-1.amazonaws.com/xero/properties-details-2.html]
[themevessel-item.s3-website-us-east-1.amazonaws.com/xero/assets/img/blog/blog-4.jpg]
[themevessel-item.s3-website-us-east-1.amazonaws.com/xero/assets/img/blog/blog-7.jpg]
[themevessel-item.s3-website-us-east-1.amazonaws.com/xero/properties-details-3.html]
[themevessel-item.s3-website-us-east-1.amazonaws.com/xero/assets/img/admin.png]
[themevessel-item.s3-website-us-east-1.amazonaws.com/xero/assets/img/bg-photo-2.jpg]
[themevessel-item.s3-website-us-east-1.amazonaws.com/xero/about-1.html]
[themevessel-item.s3-website-us-east-1.amazonaws.com/xero/about-2.html]
[themevessel-item.s3-website-us-east-1.amazonaws.com/xero/properties-comparison.html]
[themevessel-item.s3-website-us-east-1.amazonaws.com/xero/search-brand.html]
[themevessel-item.s3-website-us-east-1.amazonaws.com/xero/assets/img/service-photo/service-2.jpg]
[themevessel-item.s3-website-us-east-1.amazonaws.com/xero/assets/img/service-photo/service.jpg]
[themevessel-item.s3-website-us-east-1.amazonaws.com/xero/assets/img/service-photo/service-3.jpg]
[themevessel-item.s3-website-us-east-1.amazonaws.com/xero/services-1.html]
[themevessel-item.s3-website-us-east-1.amazonaws.com/xero/services-2.html]
[themevessel-item.s3-website-us-east-1.amazonaws.com/xero/coming-soon.html]
[themevessel-item.s3-website-us-east-1.amazonaws.com/xero/agent-list.html]
[themevessel-item.s3-website-us-east-1.amazonaws.com/xero/agent-list-2.html]
[themevessel-item.s3-website-us-east-1.amazonaws.com/xero/agent-grid.html]
[themevessel-item.s3-website-us-east-1.amazonaws.com/xero/assets/img/avatar/avatar-9.jpg]
[themevessel-item.s3-website-us-east-1.amazonaws.com/xero/assets/img/avatar/avatar-10.jpg]
[themevessel-item.s3-website-us-east-1.amazonaws.com/xero/assets/img/avatar/avatar-8.jpg]
[themevessel-item.s3-website-us-east-1.amazonaws.com/xero/assets/img/avatar/avatar-12.jpg]
[themevessel-item.s3-website-us-east-1.amazonaws.com/xero/agent-grid-2.html]
[themevessel-item.s3-website-us-east-1.amazonaws.com/xero/agent-grid-3.html]
[themevessel-item.s3-website-us-east-1.amazonaws.com/xero/agent-detail.html]
[themevessel-item.s3-website-us-east-1.amazonaws.com/xero/pricing-tables-1.html]
[themevessel-item.s3-website-us-east-1.amazonaws.com/xero/pricing-tables-2.html]
[themevessel-item.s3-website-us-east-1.amazonaws.com/xero/assets/img/property-12.jpg]
[themevessel-item.s3-website-us-east-1.amazonaws.com/xero/assets/img/property-11.jpg]
[themevessel-item.s3-website-us-east-1.amazonaws.com/xero/assets/img/property-10.jpg]
[themevessel-item.s3-website-us-east-1.amazonaws.com/xero/gallery-2column.html]
[themevessel-item.s3-website-us-east-1.amazonaws.com/xero/gallery-3column.html]
[themevessel-item.s3-website-us-east-1.amazonaws.com/xero/gallery-4column.html]
[themevessel-item.s3-website-us-east-1.amazonaws.com/xero/faq-1.html]
[themevessel-item.s3-website-us-east-1.amazonaws.com/xero/faq-2.html]
[themevessel-item.s3-website-us-east-1.amazonaws.com/xero/pages-404.html]
[themevessel-item.s3-website-us-east-1.amazonaws.com/xero/typography.html]
[themevessel-item.s3-website-us-east-1.amazonaws.com/xero/typography-2.html]
[themevessel-item.s3-website-us-east-1.amazonaws.com/xero/user-profile.html]
[themevessel-item.s3-website-us-east-1.amazonaws.com/xero/assets/img/my-properties-3.jpg]
[themevessel-item.s3-website-us-east-1.amazonaws.com/xero/assets/img/my-properties.jpg]
[themevessel-item.s3-website-us-east-1.amazonaws.com/xero/my-properties.html]
[themevessel-item.s3-website-us-east-1.amazonaws.com/xero/favorited-properties.html]
[themevessel-item.s3-website-us-east-1.amazonaws.com/xero/submit-property.html]
[themevessel-item.s3-website-us-east-1.amazonaws.com/xero/login.html]
[themevessel-item.s3-website-us-east-1.amazonaws.com/xero/login-2.html]
[themevessel-item.s3-website-us-east-1.amazonaws.com/xero/forgot-password.html]
[themevessel-item.s3-website-us-east-1.amazonaws.com/xero/register.html]
[themevessel-item.s3-website-us-east-1.amazonaws.com/xero/blog-classic-sidebar-right.html]
[themevessel-item.s3-website-us-east-1.amazonaws.com/xero/blog-classic-sidebar-left.html]
[themevessel-item.s3-website-us-east-1.amazonaws.com/xero/blog-classic-fullwidth.html]
[themevessel-item.s3-website-us-east-1.amazonaws.com/xero/blog-columns-2col.html]
[themevessel-item.s3-website-us-east-1.amazonaws.com/xero/blog-columns-3col.html]
[themevessel-item.s3-website-us-east-1.amazonaws.com/xero/blog-masonry-2col.html]
[themevessel-item.s3-website-us-east-1.amazonaws.com/xero/blog-masonry-3col.html]
[themevessel-item.s3-website-us-east-1.amazonaws.com/xero/blog-single-sidebar-right.html]
[themevessel-item.s3-website-us-east-1.amazonaws.com/xero/blog-single-sidebar-left.html]
[themevessel-item.s3-website-us-east-1.amazonaws.com/xero/blog-single-fullwidth.html]
[themevessel-item.s3-website-us-east-1.amazonaws.com/xero/assets/img/my-properties-2.jpg]
[themevessel-item.s3-website-us-east-1.amazonaws.com/xero/assets/img/shop/shop-2.jpg]
[themevessel-item.s3-website-us-east-1.amazonaws.com/xero/assets/img/shop/shop-3.jpg]
[themevessel-item.s3-website-us-east-1.amazonaws.com/xero/assets/img/shop/shop-4.jpg]
[themevessel-item.s3-website-us-east-1.amazonaws.com/xero/assets/img/shop/shop-1.jpg]
[themevessel-item.s3-website-us-east-1.amazonaws.com/xero/shop-list.html]
[themevessel-item.s3-website-us-east-1.amazonaws.com/xero/shop-cart.html]
[themevessel-item.s3-website-us-east-1.amazonaws.com/xero/shop-checkout.html]
[themevessel-item.s3-website-us-east-1.amazonaws.com/xero/shop-single.html]
[themevessel-item.s3-website-us-east-1.amazonaws.com/xero/contact-1.html]
[themevessel-item.s3-website-us-east-1.amazonaws.com/xero/contact-2.html]
[themevessel-item.s3-website-us-east-1.amazonaws.com/xero/contact-3.html]
[themevessel-item.s3-website-us-east-1.amazonaws.com/xero/change-password.html]
[themevessel-item.s3-website-us-east-1.amazonaws.com/xero/assets/img/shop/shop-5.jpg]
[www.googletagmanager.com/gtm5445.html]
[themevessel-item.s3-website-us-east-1.amazonaws.com/xero/assets/css/bootstrap.min.css]
[themevessel-item.s3-website-us-east-1.amazonaws.com/xero/assets/css/magnific-popup.css]
[themevessel-item.s3-website-us-east-1.amazonaws.com/xero/assets/css/jquery.selectBox.css]
[themevessel-item.s3-website-us-east-1.amazonaws.com/xero/assets/css/dropzone.css]
[themevessel-item.s3-website-us-east-1.amazonaws.com/xero/assets/css/rangeslider.css]
[themevessel-item.s3-website-us-east-1.amazonaws.com/xero/assets/css/animate.min.css]
[themevessel-item.s3-website-us-east-1.amazonaws.com/xero/assets/css/leaflet.css]
[themevessel-item.s3-website-us-east-1.amazonaws.com/xero/assets/img/logos/logo-white.png]
[themevessel-item.s3-website-us-east-1.amazonaws.com/xero/assets/img/logos/logo.png]
[themevessel-item.s3-website-us-east-1.amazonaws.com/xero/assets/css/slick.css]
[themevessel-item.s3-website-us-east-1.amazonaws.com/xero/assets/img/ajax-loader.gif]
[themevessel-item.s3-website-us-east-1.amazonaws.com/xero/assets/fonts/slick/slick.eot]
[themevessel-item.s3-website-us-east-1.amazonaws.com/xero/assets/fonts/slick/slickd41d.eot]
[themevessel-item.s3-website-us-east-1.amazonaws.com/xero/assets/fonts/slick/slick.woff]
[themevessel-item.s3-website-us-east-1.amazonaws.com/xero/assets/fonts/slick/slick.ttf]
[themevessel-item.s3-website-us-east-1.amazonaws.com/xero/assets/css/slick-theme.css]
[themevessel-item.s3-website-us-east-1.amazonaws.com/xero/assets/img/brands/brand-2.png]
[themevessel-item.s3-website-us-east-1.amazonaws.com/xero/assets/css/map.css]
[themevessel-item.s3-website-us-east-1.amazonaws.com/xero/assets/img/brands/brand-5.png]
[themevessel-item.s3-website-us-east-1.amazonaws.com/xero/assets/css/jquery.mCustomScrollbar.css]
[themevessel-item.s3-website-us-east-1.amazonaws.com/xero/assets/fonts/font-awesome/fonts/fontawesome-webfont3e6e.eot]
[themevessel-item.s3-website-us-east-1.amazonaws.com/xero/assets/fonts/font-awesome/fonts/fontawesome-webfontd41d.eot]
[themevessel-item.s3-website-us-east-1.amazonaws.com/xero/assets/fonts/font-awesome/fonts/fontawesome-webfont.c83e6e.delayed]
[themevessel-item.s3-website-us-east-1.amazonaws.com/xero/assets/fonts/font-awesome/fonts/fontawesome-webfont3e6e.woff]
[themevessel-item.s3-website-us-east-1.amazonaws.com/xero/assets/fonts/font-awesome/fonts/fontawesome-webfont3e6e.ttf]
[themevessel-item.s3-website-us-east-1.amazonaws.com/xero/assets/fonts/font-awesome/css/font-awesome.min.css]
[themevessel-item.s3-website-us-east-1.amazonaws.com/xero/assets/fonts/flaticon/font/Flaticon.eot]
[themevessel-item.s3-website-us-east-1.amazonaws.com/xero/assets/fonts/flaticon/font/Flaticon.woff]
[themevessel-item.s3-website-us-east-1.amazonaws.com/xero/assets/fonts/flaticon/font/Flaticon.ttf]
[themevessel-item.s3-website-us-east-1.amazonaws.com/xero/assets/fonts/flaticon/font/flaticon.css]
[themevessel-item.s3-website-us-east-1.amazonaws.com/xero/assets/fonts/font-awesome/fonts/fontawesome-webfont3e6e.woff2]
[themevessel-item.s3-website-us-east-1.amazonaws.com/xero/assets/fonts/flaticon/font/Flaticond41d.eot]
[themevessel-item.s3-website-us-east-1.amazonaws.com/xero/assets/img/loader.gif]
[themevessel-item.s3-website-us-east-1.amazonaws.com/xero/assets/css/style.css]
[themevessel-item.s3-website-us-east-1.amazonaws.com/xero/assets/css/skins/default.css]
[themevessel-item.s3-website-us-east-1.amazonaws.com/xero/index-2.html]
[themevessel-item.s3-website-us-east-1.amazonaws.com/xero/change-password.html]
[themevessel-item.s3-website-us-east-1.amazonaws.com/xero/assets/images/spritemap.html]
[themevessel-item.s3-website-us-east-1.amazonaws.com/xero/assets/images/spritemap@2x.html]
[themevessel-item.s3-website-us-east-1.amazonaws.com/xero/assets/css/images/layers.html]
[themevessel-item.s3-website-us-east-1.amazonaws.com/xero/assets/css/images/layers-2x.html]
[themevessel-item.s3-website-us-east-1.amazonaws.com/xero/assets/fonts/slick/slick.svg]
[themevessel-item.s3-website-us-east-1.amazonaws.com/xero/assets/css/mCSB_buttons.html]
[themevessel-item.s3-website-us-east-1.amazonaws.com/xero/assets/fonts/font-awesome/fonts/fontawesome-webfont3e6e.svg]
[themevessel-item.s3-website-us-east-1.amazonaws.com/xero/assets/fonts/flaticon/font/Flaticon.svg]
